Compressed 0 synth-8 progress 400/400 part 100/100 time 0 sec
Compressed 1 synth-8-20 progress 20/20 part 5/5 time 0 sec
Compressed 2 synth-8-40 progress 40/40 part 10/10 time 0 sec
Compressed 3 synth-8-50 progress 48/48 part 12/12 time 0 sec
Compressed 4 synth-8-70 progress 68/68 part 17/17 time 0 sec
Compressed 5 synth-16 progress 800/800 part 200/200 time 0 sec
Compressed 6 synth-16-20 progress 20/20 part 5/5 time 0 sec
Compressed 7 synth-16-40 progress 40/40 part 10/10 time 0 sec
Compressed 8 synth-16-50 progress 48/48 part 12/12 time 0 sec
Compressed 9 synth-16-70 progress 68/68 part 17/17 time 0 sec
